[+] Imported 768 leads from CSV

╔═══════════════════════════════════════════════════════════╗
║  🖥️ Mortimer's PSDEPOT CRM                                 ║
║  Lead Management + Products + Invoicing                    ║
║  Running on http://localhost:8088                          ║
╠═══════════════════════════════════════════════════════════╣
║  📋 Leads:     http://localhost:8088/                     ║
║  🧾 Invoices:  http://localhost:8088/invoices             ║
║  📊 API:       http://localhost:8088/api/                 ║
╚═══════════════════════════════════════════════════════════╝
    
 * Serving Flask app 'app'
 * Debug mode: on
[31m[1mWARNING: This is a development server. Do not use it in a production deployment. Use a production WSGI server instead.[0m
 * Running on all addresses (0.0.0.0)
 * Running on http://127.0.0.1:8088
 * Running on http://10.0.0.197:8088
[33mPress CTRL+C to quit[0m
 * Restarting with stat
 * Debugger is active!
 * Debugger PIN: 128-408-487
127.0.0.1 - - [02/Jul/2026 20:18:27] "GET /invoices HTTP/1.1" 200 -
127.0.0.1 - - [02/Jul/2026 20:18:28] "GET /api/invoices/stats HTTP/1.1" 200 -
127.0.0.1 - - [02/Jul/2026 20:18:28] "GET /api/products HTTP/1.1" 200 -
127.0.0.1 - - [02/Jul/2026 20:18:28] "GET /api/invoices HTTP/1.1" 200 -
127.0.0.1 - - [02/Jul/2026 20:18:28] "[33mGET /favicon.ico HTTP/1.1[0m" 404 -
127.0.0.1 - - [02/Jul/2026 20:18:34] "[33mGET /index.html HTTP/1.1[0m" 404 -
127.0.0.1 - - [02/Jul/2026 20:18:36] "[33mGET /index.html HTTP/1.1[0m" 404 -
127.0.0.1 - - [02/Jul/2026 20:18:37] "GET / HTTP/1.1" 200 -
127.0.0.1 - - [02/Jul/2026 20:18:41] "[33mGET /invoices.html HTTP/1.1[0m" 404 -
 * Detected change in '/data/data/com.termux/files/home/mortimer/projects/psdepot_prospecting/crm/app.py', reloading

╔═══════════════════════════════════════════════════════════╗
║  🖥️ Mortimer's PSDEPOT CRM                                 ║
║  Lead Management + Products + Invoicing                    ║
║  Running on http://localhost:8088                          ║
╠═══════════════════════════════════════════════════════════╣
║  📋 Leads:     http://localhost:8088/                     ║
║  🧾 Invoices:  http://localhost:8088/invoices             ║
║  📊 API:       http://localhost:8088/api/                 ║
╚═══════════════════════════════════════════════════════════╝
    
 * Restarting with stat
 * Debugger is active!
 * Debugger PIN: 372-167-324
127.0.0.1 - - [02/Jul/2026 20:19:26] "[33mGET /index.html HTTP/1.1[0m" 404 -
127.0.0.1 - - [02/Jul/2026 20:19:27] "[33mGET /index.html HTTP/1.1[0m" 404 -
127.0.0.1 - - [02/Jul/2026 20:19:58] "[33mGET /index.html HTTP/1.1[0m" 404 -
127.0.0.1 - - [02/Jul/2026 20:20:00] "[33mGET /index.html HTTP/1.1[0m" 404 -
127.0.0.1 - - [02/Jul/2026 20:20:03] "[33mGET /index.html HTTP/1.1[0m" 404 -
127.0.0.1 - - [02/Jul/2026 20:20:09] "[33mGET /invoices.html HTTP/1.1[0m" 404 -
127.0.0.1 - - [02/Jul/2026 20:20:21] "POST /api/invoices HTTP/1.1" 200 -
127.0.0.1 - - [02/Jul/2026 20:20:21] "GET /api/invoices HTTP/1.1" 200 -
127.0.0.1 - - [02/Jul/2026 20:20:21] "GET /api/invoices/stats HTTP/1.1" 200 -
127.0.0.1 - - [02/Jul/2026 20:20:26] "GET /api/invoices/1 HTTP/1.1" 200 -
127.0.0.1 - - [02/Jul/2026 20:20:30] "GET /api/invoices/1 HTTP/1.1" 200 -
127.0.0.1 - - [02/Jul/2026 20:20:37] "[33mGET /index.html HTTP/1.1[0m" 404 -
127.0.0.1 - - [02/Jul/2026 20:21:00] "GET /api/stats HTTP/1.1" 200 -
127.0.0.1 - - [02/Jul/2026 20:21:00] "[35m[1mGET /api/leads?page=1&per_page=50 HTTP/1.1[0m" 500 -
Traceback (most recent call last):
  File "/data/data/com.termux/files/usr/lib/python3.13/site-packages/flask/app.py", line 1536, in __call__
    return self.wsgi_app(environ, start_response)
           ~~~~~~~~~~~~~^^^^^^^^^^^^^^^^^^^^^^^^^
  File "/data/data/com.termux/files/usr/lib/python3.13/site-packages/flask/app.py", line 1514, in wsgi_app
    response = self.handle_exception(e)
  File "/data/data/com.termux/files/usr/lib/python3.13/site-packages/flask_cors/extension.py", line 206, in wrapped_function
    return cors_after_request(app_any.make_response(f(*args, **kwargs)))
                                                    ~^^^^^^^^^^^^^^^^^
  File "/data/data/com.termux/files/usr/lib/python3.13/site-packages/flask/app.py", line 1511, in wsgi_app
    response = self.full_dispatch_request()
  File "/data/data/com.termux/files/usr/lib/python3.13/site-packages/flask/app.py", line 919, in full_dispatch_request
    rv = self.handle_user_exception(e)
  File "/data/data/com.termux/files/usr/lib/python3.13/site-packages/flask_cors/extension.py", line 206, in wrapped_function
    return cors_after_request(app_any.make_response(f(*args, **kwargs)))
                                                    ~^^^^^^^^^^^^^^^^^
  File "/data/data/com.termux/files/usr/lib/python3.13/site-packages/flask/app.py", line 917, in full_dispatch_request
    rv = self.dispatch_request()
  File "/data/data/com.termux/files/usr/lib/python3.13/site-packages/flask/app.py", line 902, in dispatch_request
    return self.ensure_sync(self.view_functions[rule.endpoint])(**view_args)  # type: ignore[no-any-return]
           ~~~~~~~~~~~~~~~~~~~~~~~~~~~~~~~~~~~~~~~~~~~~~~~~~~~~^^^^^^^^^^^^^
  File "/data/data/com.termux/files/home/mortimer/projects/psdepot_prospecting/crm/app.py", line 225, in get_leads
    c.execute(count_query, params[:-(2 if has_phone else 0)] if has_phone else params)
    ~~~~~~~~~^^^^^^^^^^^^^^^^^^^^^^^^^^^^^^^^^^^^^^^^^^^^^^^^^^^^^^^^^^^^^^^^^^^^^^^^^
sqlite3.ProgrammingError: Incorrect number of bindings supplied. The current statement uses 0, and there are 2 supplied.
127.0.0.1 - - [02/Jul/2026 20:21:06] "[35m[1mGET /api/leads?page=1&per_page=50 HTTP/1.1[0m" 500 -
Traceback (most recent call last):
  File "/data/data/com.termux/files/usr/lib/python3.13/site-packages/flask/app.py", line 1536, in __call__
    return self.wsgi_app(environ, start_response)
           ~~~~~~~~~~~~~^^^^^^^^^^^^^^^^^^^^^^^^^
  File "/data/data/com.termux/files/usr/lib/python3.13/site-packages/flask/app.py", line 1514, in wsgi_app
    response = self.handle_exception(e)
  File "/data/data/com.termux/files/usr/lib/python3.13/site-packages/flask_cors/extension.py", line 206, in wrapped_function
    return cors_after_request(app_any.make_response(f(*args, **kwargs)))
                                                    ~^^^^^^^^^^^^^^^^^
  File "/data/data/com.termux/files/usr/lib/python3.13/site-packages/flask/app.py", line 1511, in wsgi_app
    response = self.full_dispatch_request()
  File "/data/data/com.termux/files/usr/lib/python3.13/site-packages/flask/app.py", line 919, in full_dispatch_request
    rv = self.handle_user_exception(e)
  File "/data/data/com.termux/files/usr/lib/python3.13/site-packages/flask_cors/extension.py", line 206, in wrapped_function
    return cors_after_request(app_any.make_response(f(*args, **kwargs)))
                                                    ~^^^^^^^^^^^^^^^^^
  File "/data/data/com.termux/files/usr/lib/python3.13/site-packages/flask/app.py", line 917, in full_dispatch_request
    rv = self.dispatch_request()
  File "/data/data/com.termux/files/usr/lib/python3.13/site-packages/flask/app.py", line 902, in dispatch_request
    return self.ensure_sync(self.view_functions[rule.endpoint])(**view_args)  # type: ignore[no-any-return]
           ~~~~~~~~~~~~~~~~~~~~~~~~~~~~~~~~~~~~~~~~~~~~~~~~~~~~^^^^^^^^^^^^^
  File "/data/data/com.termux/files/home/mortimer/projects/psdepot_prospecting/crm/app.py", line 225, in get_leads
    c.execute(count_query, params[:-(2 if has_phone else 0)] if has_phone else params)
    ~~~~~~~~~^^^^^^^^^^^^^^^^^^^^^^^^^^^^^^^^^^^^^^^^^^^^^^^^^^^^^^^^^^^^^^^^^^^^^^^^^
sqlite3.ProgrammingError: Incorrect number of bindings supplied. The current statement uses 0, and there are 2 supplied.
127.0.0.1 - - [02/Jul/2026 20:21:06] "GET /api/stats HTTP/1.1" 200 -
127.0.0.1 - - [02/Jul/2026 20:21:15] "[35m[1mGET /api/leads?page=1&per_page=50&category=food_truck HTTP/1.1[0m" 500 -
Traceback (most recent call last):
  File "/data/data/com.termux/files/usr/lib/python3.13/site-packages/flask/app.py", line 1536, in __call__
    return self.wsgi_app(environ, start_response)
           ~~~~~~~~~~~~~^^^^^^^^^^^^^^^^^^^^^^^^^
  File "/data/data/com.termux/files/usr/lib/python3.13/site-packages/flask/app.py", line 1514, in wsgi_app
    response = self.handle_exception(e)
  File "/data/data/com.termux/files/usr/lib/python3.13/site-packages/flask_cors/extension.py", line 206, in wrapped_function
    return cors_after_request(app_any.make_response(f(*args, **kwargs)))
                                                    ~^^^^^^^^^^^^^^^^^
  File "/data/data/com.termux/files/usr/lib/python3.13/site-packages/flask/app.py", line 1511, in wsgi_app
    response = self.full_dispatch_request()
  File "/data/data/com.termux/files/usr/lib/python3.13/site-packages/flask/app.py", line 919, in full_dispatch_request
    rv = self.handle_user_exception(e)
  File "/data/data/com.termux/files/usr/lib/python3.13/site-packages/flask_cors/extension.py", line 206, in wrapped_function
    return cors_after_request(app_any.make_response(f(*args, **kwargs)))
                                                    ~^^^^^^^^^^^^^^^^^
  File "/data/data/com.termux/files/usr/lib/python3.13/site-packages/flask/app.py", line 917, in full_dispatch_request
    rv = self.dispatch_request()
  File "/data/data/com.termux/files/usr/lib/python3.13/site-packages/flask/app.py", line 902, in dispatch_request
    return self.ensure_sync(self.view_functions[rule.endpoint])(**view_args)  # type: ignore[no-any-return]
           ~~~~~~~~~~~~~~~~~~~~~~~~~~~~~~~~~~~~~~~~~~~~~~~~~~~~^^^^^^^^^^^^^
  File "/data/data/com.termux/files/home/mortimer/projects/psdepot_prospecting/crm/app.py", line 225, in get_leads
    c.execute(count_query, params[:-(2 if has_phone else 0)] if has_phone else params)
    ~~~~~~~~~^^^^^^^^^^^^^^^^^^^^^^^^^^^^^^^^^^^^^^^^^^^^^^^^^^^^^^^^^^^^^^^^^^^^^^^^^
sqlite3.ProgrammingError: Incorrect number of bindings supplied. The current statement uses 1, and there are 3 supplied.
127.0.0.1 - - [02/Jul/2026 20:21:16] "[35m[1mGET /api/leads?page=1&per_page=50&category=italian HTTP/1.1[0m" 500 -
Traceback (most recent call last):
  File "/data/data/com.termux/files/usr/lib/python3.13/site-packages/flask/app.py", line 1536, in __call__
    return self.wsgi_app(environ, start_response)
           ~~~~~~~~~~~~~^^^^^^^^^^^^^^^^^^^^^^^^^
  File "/data/data/com.termux/files/usr/lib/python3.13/site-packages/flask/app.py", line 1514, in wsgi_app
    response = self.handle_exception(e)
  File "/data/data/com.termux/files/usr/lib/python3.13/site-packages/flask_cors/extension.py", line 206, in wrapped_function
    return cors_after_request(app_any.make_response(f(*args, **kwargs)))
                                                    ~^^^^^^^^^^^^^^^^^
  File "/data/data/com.termux/files/usr/lib/python3.13/site-packages/flask/app.py", line 1511, in wsgi_app
    response = self.full_dispatch_request()
  File "/data/data/com.termux/files/usr/lib/python3.13/site-packages/flask/app.py", line 919, in full_dispatch_request
    rv = self.handle_user_exception(e)
  File "/data/data/com.termux/files/usr/lib/python3.13/site-packages/flask_cors/extension.py", line 206, in wrapped_function
    return cors_after_request(app_any.make_response(f(*args, **kwargs)))
                                                    ~^^^^^^^^^^^^^^^^^
  File "/data/data/com.termux/files/usr/lib/python3.13/site-packages/flask/app.py", line 917, in full_dispatch_request
    rv = self.dispatch_request()
  File "/data/data/com.termux/files/usr/lib/python3.13/site-packages/flask/app.py", line 902, in dispatch_request
    return self.ensure_sync(self.view_functions[rule.endpoint])(**view_args)  # type: ignore[no-any-return]
           ~~~~~~~~~~~~~~~~~~~~~~~~~~~~~~~~~~~~~~~~~~~~~~~~~~~~^^^^^^^^^^^^^
  File "/data/data/com.termux/files/home/mortimer/projects/psdepot_prospecting/crm/app.py", line 225, in get_leads
    c.execute(count_query, params[:-(2 if has_phone else 0)] if has_phone else params)
    ~~~~~~~~~^^^^^^^^^^^^^^^^^^^^^^^^^^^^^^^^^^^^^^^^^^^^^^^^^^^^^^^^^^^^^^^^^^^^^^^^^
sqlite3.ProgrammingError: Incorrect number of bindings supplied. The current statement uses 1, and there are 3 supplied.
127.0.0.1 - - [02/Jul/2026 20:21:17] "[35m[1mGET /api/leads?page=1&per_page=50&category=bakery HTTP/1.1[0m" 500 -
Traceback (most recent call last):
  File "/data/data/com.termux/files/usr/lib/python3.13/site-packages/flask/app.py", line 1536, in __call__
    return self.wsgi_app(environ, start_response)
           ~~~~~~~~~~~~~^^^^^^^^^^^^^^^^^^^^^^^^^
  File "/data/data/com.termux/files/usr/lib/python3.13/site-packages/flask/app.py", line 1514, in wsgi_app
    response = self.handle_exception(e)
  File "/data/data/com.termux/files/usr/lib/python3.13/site-packages/flask_cors/extension.py", line 206, in wrapped_function
    return cors_after_request(app_any.make_response(f(*args, **kwargs)))
                                                    ~^^^^^^^^^^^^^^^^^
  File "/data/data/com.termux/files/usr/lib/python3.13/site-packages/flask/app.py", line 1511, in wsgi_app
    response = self.full_dispatch_request()
  File "/data/data/com.termux/files/usr/lib/python3.13/site-packages/flask/app.py", line 919, in full_dispatch_request
    rv = self.handle_user_exception(e)
  File "/data/data/com.termux/files/usr/lib/python3.13/site-packages/flask_cors/extension.py", line 206, in wrapped_function
    return cors_after_request(app_any.make_response(f(*args, **kwargs)))
                                                    ~^^^^^^^^^^^^^^^^^
  File "/data/data/com.termux/files/usr/lib/python3.13/site-packages/flask/app.py", line 917, in full_dispatch_request
    rv = self.dispatch_request()
  File "/data/data/com.termux/files/usr/lib/python3.13/site-packages/flask/app.py", line 902, in dispatch_request
    return self.ensure_sync(self.view_functions[rule.endpoint])(**view_args)  # type: ignore[no-any-return]
           ~~~~~~~~~~~~~~~~~~~~~~~~~~~~~~~~~~~~~~~~~~~~~~~~~~~~^^^^^^^^^^^^^
  File "/data/data/com.termux/files/home/mortimer/projects/psdepot_prospecting/crm/app.py", line 225, in get_leads
    c.execute(count_query, params[:-(2 if has_phone else 0)] if has_phone else params)
    ~~~~~~~~~^^^^^^^^^^^^^^^^^^^^^^^^^^^^^^^^^^^^^^^^^^^^^^^^^^^^^^^^^^^^^^^^^^^^^^^^^
sqlite3.ProgrammingError: Incorrect number of bindings supplied. The current statement uses 1, and there are 3 supplied.
